status: success
error_code: 0
stack: [3]
memory: ''
storage: {}
transient_storage: {}
return: ''
events: []
