status: success
error_code: 0
stack: []
memory: '00000000000000000000000000000000000000000000000000000000000000CD'
storage: {}
transient_storage: {}
return: '00000000000000000000000000000000000000000000000000000000000000CD'
events: []
