status: success
error_code: 0
stack: []
memory: 00000000000000000000000000000000000000000000000000000000000F423E
storage: {}
transient_storage: {}
return: 00000000000000000000000000000000000000000000000000000000000F423E
events: []
