status: bad jump destination
error_code: 8
stack: []
memory: ''
storage: {}
transient_storage: {}
return: ''
events: []
