status: success
error_code: 0
stack: []
memory: '4e03657aea45a94fc7d47ba826c8d667c0d1e6e33a64a036ec44f58fa12d6c45'
storage: {}
transient_storage: {}
return: '4E03657AEA45A94FC7D47BA826C8D667C0D1E6E33A64A036EC44F58FA12D6C45'
events: []
