status: success
error_code: 0
stack: []
memory: 'FF00000000000000000000000000000000000000000000000000000000000000'
storage: {}
transient_storage: {}
return: 'FF00000000000000000000000000000000000000000000000000000000000000'
events: []
