status: success
error_code: 0
stack: []
memory: 000000000000000000000000000000000000000000000000000000000000003F
storage: {}
transient_storage: {}
return: 000000000000000000000000000000000000000000000000000000000000003F
events: []
