status: success
error_code: 0
stack: []
memory: '00000000000000000000000000000000000000000000000000000000000000000000000200000000000000000000000000000000000000000000000000000000'
storage: {}
transient_storage: {}
return: '0000000000000000000000000000000000000000000000000000000000000002'
events: []
