status: success
error_code: 0
stack: []
memory: '8000000000000000000000000000000000000000000000000000000000000000'
storage: {}
transient_storage: {}
return: '8000000000000000000000000000000000000000000000000000000000000000'
events: []
