status: success
error_code: 0
stack: []
memory: '00000000000000000000000000000000000000000000000000000000000000FF'
storage:
  '0000000000000000000000000000000000000000000000000000000000000053': '00000000000000000000000000000000000000000000000000000000000000FF'
transient_storage: {}
return: '00000000000000000000000000000000000000000000000000000000000000FF'
events: []
