{
  "status": "stack overflow",
  "error_code": 6,
  "stack": [],
  "memory": "",
  "storage": {},
  "transient_storage": {},
  "return": "",
  "events": []
}
