{
  "status": "success",
  "error_code": 0,
  "stack": [],
  "memory": "",
  "storage": {},
  "transient_storage": {},
  "return": "",
  "events": []
}
